[08:45:43] START full matrix: 120 cells (82 already done, resuming)
[08:46:25] [83/120] cyclone_noshm 256B f1 t2 lat_med=0.295ms loss=0.0% ach=100.0Hz lo=0.077MB/s idle=89.6% (43s)
[08:47:08] [84/120] zenoh_noshm 256B f1 t2 lat_med=0.486ms loss=0.0% ach=100.0Hz lo=0.084MB/s idle=88.4% (43s)
[08:47:52] [85/120] zenoh_shm 256B f1 t2 lat_med=0.505ms loss=0.0% ach=100.0Hz lo=0.078MB/s idle=90.7% (43s)
[08:48:35] [86/120] fastdds_shm 256B f4 t2 lat_med=0.365ms loss=0.0% ach=100.0Hz lo=0.045MB/s idle=90.4% (44s)
[08:49:19] [87/120] fastdds_noshm 256B f4 t2 lat_med=0.396ms loss=0.0% ach=100.0Hz lo=0.207MB/s idle=90.9% (44s)
[08:50:04] [88/120] cyclone_noshm 256B f4 t2 lat_med=0.313ms loss=0.0% ach=100.0Hz lo=0.035MB/s idle=90.5% (44s)
[08:50:47] [89/120] zenoh_noshm 256B f4 t2 lat_med=0.515ms loss=0.0% ach=100.0Hz lo=0.204MB/s idle=90.3% (43s)
[08:51:31] [90/120] zenoh_shm 256B f4 t2 lat_med=0.512ms loss=0.0% ach=100.0Hz lo=0.204MB/s idle=89.4% (44s)
[08:52:14] [91/120] fastdds_shm 40KB f1 t2 lat_med=0.437ms loss=0.0% ach=25.0Hz lo=0.036MB/s idle=89.1% (43s)
[08:52:56] [92/120] fastdds_noshm 40KB f1 t2 lat_med=0.478ms loss=0.0% ach=25.0Hz lo=1.065MB/s idle=91.2% (43s)
[08:53:39] [93/120] cyclone_noshm 40KB f1 t2 lat_med=0.449ms loss=0.0% ach=25.0Hz lo=1.068MB/s idle=91.5% (43s)
[08:54:22] [94/120] zenoh_noshm 40KB f1 t2 lat_med=0.603ms loss=0.0% ach=25.0Hz lo=1.062MB/s idle=91.5% (43s)
[08:55:05] [95/120] zenoh_shm 40KB f1 t2 lat_med=0.588ms loss=0.0% ach=25.0Hz lo=0.039MB/s idle=91.6% (43s)
[08:55:49] [96/120] fastdds_shm 40KB f4 t2 lat_med=0.451ms loss=0.0% ach=25.0Hz lo=0.04MB/s idle=91.2% (44s)
[08:56:32] [97/120] fastdds_noshm 40KB f4 t2 lat_med=0.533ms loss=0.0% ach=25.0Hz lo=4.154MB/s idle=91.4% (44s)
[08:57:16] [98/120] cyclone_noshm 40KB f4 t2 lat_med=0.468ms loss=0.0% ach=25.0Hz lo=0.035MB/s idle=91.2% (44s)
[08:58:00] [99/120] zenoh_noshm 40KB f4 t2 lat_med=0.588ms loss=0.0% ach=25.0Hz lo=4.151MB/s idle=90.9% (43s)
[08:58:43] [100/120] zenoh_shm 40KB f4 t2 lat_med=0.588ms loss=0.0% ach=25.0Hz lo=0.052MB/s idle=91.0% (43s)
[08:59:26] [101/120] fastdds_shm 1MB f1 t2 lat_med=2.169ms loss=61.735% ach=10.0Hz lo=0.036MB/s idle=91.3% (43s)
[09:00:09] [102/120] fastdds_noshm 1MB f1 t2 lat_med=2.307ms loss=82.474% ach=10.0Hz lo=10.504MB/s idle=91.4% (43s)
[09:00:52] [103/120] cyclone_noshm 1MB f1 t2 lat_med=1.795ms loss=53.5% ach=10.0Hz lo=10.591MB/s idle=91.4% (43s)
[09:01:35] [104/120] zenoh_noshm 1MB f1 t2 lat_med=2.565ms loss=0.0% ach=10.0Hz lo=10.545MB/s idle=91.2% (43s)
[09:02:18] [105/120] zenoh_shm 1MB f1 t2 lat_med=2.26ms loss=0.0% ach=10.0Hz lo=0.037MB/s idle=91.2% (43s)
[09:03:02] [106/120] fastdds_shm 1MB f4 t2 lat_med=2.186ms loss=49.475% ach=10.0Hz lo=0.041MB/s idle=91.0% (44s)
[09:03:46] [107/120] fastdds_noshm 1MB f4 t2 lat_med=2.814ms loss=6.0% ach=10.0Hz lo=42.113MB/s idle=90.7% (44s)
[09:04:30] [108/120] cyclone_noshm 1MB f4 t2 lat_med=2.683ms loss=5.0% ach=10.0Hz lo=0.035MB/s idle=90.6% (44s)
[09:05:13] [109/120] zenoh_noshm 1MB f4 t2 lat_med=2.537ms loss=0.0% ach=10.0Hz lo=42.07MB/s idle=90.6% (44s)
[09:05:57] [110/120] zenoh_shm 1MB f4 t2 lat_med=2.265ms loss=0.0% ach=10.0Hz lo=0.043MB/s idle=90.8% (43s)
[09:06:40] [111/120] fastdds_shm 4MB f1 t2 lat_med=5.697ms loss=62.766% ach=5.0Hz lo=0.036MB/s idle=91.4% (43s)
[09:07:23] [112/120] fastdds_noshm 4MB f1 t2 lat_med=5.955ms loss=74.419% ach=5.0Hz lo=21.076MB/s idle=91.6% (43s) COVERAGE
[09:08:06] [113/120] cyclone_noshm 4MB f1 t2 lat_med=6.652ms loss=54.639% ach=5.0Hz lo=21.147MB/s idle=91.3% (43s)
[09:08:48] [114/120] zenoh_noshm 4MB f1 t2 lat_med=6.603ms loss=0.0% ach=5.0Hz lo=21.057MB/s idle=91.1% (43s)
[09:09:31] [115/120] zenoh_shm 4MB f1 t2 lat_med=5.443ms loss=0.0% ach=5.0Hz lo=0.036MB/s idle=91.3% (43s)
[09:10:15] [116/120] fastdds_shm 4MB f4 t2 lat_med=5.849ms loss=80.401% ach=5.0Hz lo=0.04MB/s idle=91.1% (44s)
[09:10:59] [117/120] fastdds_noshm 4MB f4 t2 lat_med=7.564ms loss=35.152% ach=5.0Hz lo=84.171MB/s idle=90.8% (44s)
[09:11:43] [118/120] cyclone_noshm 4MB f4 t2 lat_med=10.821ms loss=13.25% ach=5.0Hz lo=0.035MB/s idle=90.5% (44s)
[09:12:27] [119/120] zenoh_noshm 4MB f4 t2 lat_med=7.78ms loss=0.0% ach=5.0Hz lo=84.122MB/s idle=90.4% (43s)
[09:13:10] [120/120] zenoh_shm 4MB f4 t2 lat_med=5.271ms loss=0.0% ach=5.0Hz lo=0.039MB/s idle=90.8% (44s)
[09:13:10] DONE full matrix
