[06:21:49] START full matrix: 120 cells
[06:22:32] [1/120] fastdds_shm 256B f1 t0 lat_med=0.335ms loss=0.0% ach=100.0Hz lo=116.95MB/s idle=61.5% (43s)
[06:23:15] [2/120] fastdds_noshm 256B f1 t0 lat_med=0.362ms loss=0.0% ach=100.0Hz lo=98.408MB/s idle=61.1% (43s)
[06:23:58] [3/120] cyclone_noshm 256B f1 t0 lat_med=0.308ms loss=0.0% ach=100.0Hz lo=95.534MB/s idle=61.5% (43s)
[06:24:41] [4/120] zenoh_noshm 256B f1 t0 lat_med=0.44ms loss=0.0% ach=100.0Hz lo=95.923MB/s idle=61.8% (43s)
[06:25:24] [5/120] zenoh_shm 256B f1 t0 lat_med=0.443ms loss=0.0% ach=100.0Hz lo=96.733MB/s idle=62.6% (43s)
[06:26:09] [6/120] fastdds_shm 256B f4 t0 lat_med=0.363ms loss=0.0% ach=100.0Hz lo=92.867MB/s idle=60.5% (44s)
[06:26:53] [7/120] fastdds_noshm 256B f4 t0 lat_med=0.371ms loss=0.0% ach=100.0Hz lo=93.865MB/s idle=62.0% (44s)
[06:27:38] [8/120] cyclone_noshm 256B f4 t0 lat_med=0.32ms loss=0.0% ach=100.0Hz lo=118.436MB/s idle=61.5% (45s)
[06:28:22] [9/120] zenoh_noshm 256B f4 t0 lat_med=0.507ms loss=0.0% ach=100.0Hz lo=109.778MB/s idle=61.1% (44s)
[06:29:06] [10/120] zenoh_shm 256B f4 t0 lat_med=0.439ms loss=0.0% ach=100.0Hz lo=94.078MB/s idle=61.5% (44s)
[06:29:49] [11/120] fastdds_shm 40KB f1 t0 lat_med=0.53ms loss=0.0% ach=25.0Hz lo=96.294MB/s idle=63.3% (43s)
[06:30:33] [12/120] fastdds_noshm 40KB f1 t0 lat_med=0.544ms loss=0.0% ach=25.0Hz lo=97.418MB/s idle=63.2% (43s)
[06:31:16] [13/120] cyclone_noshm 40KB f1 t0 lat_med=0.492ms loss=0.0% ach=25.0Hz lo=96.282MB/s idle=63.2% (43s)
[06:31:59] [14/120] zenoh_noshm 40KB f1 t0 lat_med=0.628ms loss=0.0% ach=25.0Hz lo=96.828MB/s idle=63.0% (43s)
[06:32:42] [15/120] zenoh_shm 40KB f1 t0 lat_med=0.709ms loss=0.0% ach=25.0Hz lo=115.472MB/s idle=62.5% (43s)
[06:33:26] [16/120] fastdds_shm 40KB f4 t0 lat_med=0.551ms loss=0.0% ach=25.0Hz lo=111.56MB/s idle=62.8% (44s)
[06:34:11] [17/120] fastdds_noshm 40KB f4 t0 lat_med=0.559ms loss=0.0% ach=25.0Hz lo=100.082MB/s idle=62.7% (44s)
[06:34:55] [18/120] cyclone_noshm 40KB f4 t0 lat_med=0.549ms loss=0.0% ach=25.0Hz lo=94.587MB/s idle=63.0% (45s)
[06:35:39] [19/120] zenoh_noshm 40KB f4 t0 lat_med=0.756ms loss=0.0% ach=25.0Hz lo=97.867MB/s idle=62.5% (44s)
[06:36:23] [20/120] zenoh_shm 40KB f4 t0 lat_med=0.647ms loss=0.0% ach=25.0Hz lo=94.464MB/s idle=63.3% (44s)
[06:37:07] [21/120] fastdds_shm 1MB f1 t0 lat_med=2.211ms loss=64.211% ach=10.0Hz lo=93.523MB/s idle=63.5% (43s)
[06:37:50] [22/120] fastdds_noshm 1MB f1 t0 lat_med=2.707ms loss=70.558% ach=10.0Hz lo=123.273MB/s idle=62.8% (43s)
[06:38:32] [23/120] cyclone_noshm 1MB f1 t0 lat_med=2.467ms loss=43.147% ach=10.0Hz lo=124.994MB/s idle=62.1% (43s)
[06:39:16] [24/120] zenoh_noshm 1MB f1 t0 lat_med=3.541ms loss=0.0% ach=10.0Hz lo=103.038MB/s idle=63.3% (43s)
[06:39:59] [25/120] zenoh_shm 1MB f1 t0 lat_med=2.555ms loss=0.0% ach=10.0Hz lo=98.723MB/s idle=62.9% (43s)
[06:40:43] [26/120] fastdds_shm 1MB f4 t0 lat_med=2.925ms loss=27.75% ach=10.0Hz lo=93.011MB/s idle=62.6% (44s)
[06:41:27] [27/120] fastdds_noshm 1MB f4 t0 lat_med=3.703ms loss=12.698% ach=10.0Hz lo=134.114MB/s idle=62.6% (44s)
[06:42:12] [28/120] cyclone_noshm 1MB f4 t0 lat_med=3.849ms loss=3.875% ach=10.0Hz lo=90.916MB/s idle=62.6% (45s)
[06:42:56] [29/120] zenoh_noshm 1MB f4 t0 lat_med=4.775ms loss=0.0% ach=10.0Hz lo=141.318MB/s idle=62.6% (44s)
[06:43:40] [30/120] zenoh_shm 1MB f4 t0 lat_med=2.819ms loss=0.0% ach=10.0Hz lo=124.793MB/s idle=62.4% (44s)
[06:44:23] [31/120] fastdds_shm 4MB f1 t0 lat_med=6.619ms loss=72.222% ach=5.0Hz lo=96.0MB/s idle=63.5% (43s) COVERAGE
[06:45:07] [32/120] fastdds_noshm 4MB f1 t0 lat_med=7.688ms loss=69.0% ach=5.0Hz lo=116.814MB/s idle=63.5% (43s)
[06:45:50] [33/120] cyclone_noshm 4MB f1 t0 lat_med=9.181ms loss=58.163% ach=5.0Hz lo=114.414MB/s idle=63.6% (43s)
[06:46:33] [34/120] zenoh_noshm 4MB f1 t0 lat_med=8.372ms loss=0.0% ach=5.0Hz lo=115.555MB/s idle=63.1% (43s)
[06:47:16] [35/120] zenoh_shm 4MB f1 t0 lat_med=6.163ms loss=0.0% ach=5.0Hz lo=93.012MB/s idle=63.2% (43s)
[06:48:00] [36/120] fastdds_shm 4MB f4 t0 lat_med=6.852ms loss=53.041% ach=5.0Hz lo=128.533MB/s idle=62.2% (44s)
[06:48:44] [37/120] fastdds_noshm 4MB f4 t0 lat_med=12.145ms loss=27.413% ach=5.0Hz lo=196.563MB/s idle=61.8% (44s)
[06:49:29] [38/120] cyclone_noshm 4MB f4 t0 lat_med=14.22ms loss=15.342% ach=5.0Hz lo=97.489MB/s idle=62.1% (45s)
[06:50:13] [39/120] zenoh_noshm 4MB f4 t0 lat_med=8.97ms loss=0.0% ach=5.0Hz lo=187.153MB/s idle=62.1% (44s)
[06:50:57] [40/120] zenoh_shm 4MB f4 t0 lat_med=8.289ms loss=0.0% ach=5.0Hz lo=103.706MB/s idle=62.7% (44s)
[06:51:40] [41/120] fastdds_shm 256B f1 t1 lat_med=0.328ms loss=0.0% ach=100.0Hz lo=97.148MB/s idle=63.0% (43s)
[06:52:24] [42/120] fastdds_noshm 256B f1 t1 lat_med=0.358ms loss=0.0% ach=100.0Hz lo=113.328MB/s idle=62.7% (43s)
[06:53:07] [43/120] cyclone_noshm 256B f1 t1 lat_med=0.286ms loss=0.0% ach=100.0Hz lo=93.726MB/s idle=63.0% (43s)
[06:53:50] [44/120] zenoh_noshm 256B f1 t1 lat_med=0.445ms loss=0.0% ach=100.0Hz lo=94.901MB/s idle=63.1% (43s)
[06:54:33] [45/120] zenoh_shm 256B f1 t1 lat_med=0.448ms loss=0.0% ach=100.0Hz lo=95.072MB/s idle=63.2% (43s)
[06:55:17] [46/120] fastdds_shm 256B f4 t1 lat_med=0.361ms loss=0.0% ach=100.0Hz lo=94.823MB/s idle=61.4% (44s)
[06:56:02] [47/120] fastdds_noshm 256B f4 t1 lat_med=0.375ms loss=0.0% ach=100.0Hz lo=94.65MB/s idle=62.2% (44s)
[06:56:46] [48/120] cyclone_noshm 256B f4 t1 lat_med=0.32ms loss=0.0% ach=100.0Hz lo=88.978MB/s idle=62.5% (45s)
[06:57:30] [49/120] zenoh_noshm 256B f4 t1 lat_med=0.501ms loss=0.0% ach=100.0Hz lo=115.243MB/s idle=61.1% (44s)
[06:58:14] [50/120] zenoh_shm 256B f4 t1 lat_med=0.481ms loss=0.0% ach=100.0Hz lo=109.123MB/s idle=61.5% (44s)
[06:58:57] [51/120] fastdds_shm 40KB f1 t1 lat_med=0.54ms loss=0.0% ach=25.0Hz lo=95.575MB/s idle=63.1% (43s)
[06:59:41] [52/120] fastdds_noshm 40KB f1 t1 lat_med=0.562ms loss=0.0% ach=25.0Hz lo=97.258MB/s idle=63.3% (43s)
[07:00:24] [53/120] cyclone_noshm 40KB f1 t1 lat_med=0.542ms loss=0.0% ach=25.0Hz lo=95.027MB/s idle=63.4% (43s)
[07:01:07] [54/120] zenoh_noshm 40KB f1 t1 lat_med=0.691ms loss=0.0% ach=25.0Hz lo=94.293MB/s idle=63.7% (43s)
[07:01:50] [55/120] zenoh_shm 40KB f1 t1 lat_med=0.703ms loss=0.0% ach=25.0Hz lo=93.055MB/s idle=63.4% (43s)
[07:02:34] [56/120] fastdds_shm 40KB f4 t1 lat_med=0.56ms loss=0.0% ach=25.0Hz lo=119.719MB/s idle=62.6% (44s)
[07:03:19] [57/120] fastdds_noshm 40KB f4 t1 lat_med=0.596ms loss=0.0% ach=25.0Hz lo=114.595MB/s idle=62.7% (44s)
[07:04:03] [58/120] cyclone_noshm 40KB f4 t1 lat_med=0.55ms loss=0.0% ach=25.0Hz lo=94.391MB/s idle=63.5% (45s)
[07:04:47] [59/120] zenoh_noshm 40KB f4 t1 lat_med=0.694ms loss=0.0% ach=25.0Hz lo=97.808MB/s idle=63.3% (44s)
[07:05:31] [60/120] zenoh_shm 40KB f4 t1 lat_med=0.684ms loss=0.0% ach=25.0Hz lo=95.965MB/s idle=63.1% (44s)
[07:06:15] [61/120] fastdds_shm 1MB f1 t1 lat_med=2.433ms loss=63.731% ach=10.0Hz lo=95.068MB/s idle=63.5% (43s)
[07:06:58] [62/120] fastdds_noshm 1MB f1 t1 lat_med=3.135ms loss=64.322% ach=10.0Hz lo=104.011MB/s idle=63.7% (43s)
[07:07:41] [63/120] cyclone_noshm 1MB f1 t1 lat_med=2.794ms loss=38.191% ach=10.0Hz lo=128.041MB/s idle=63.0% (43s)
[07:08:24] [64/120] zenoh_noshm 1MB f1 t1 lat_med=2.914ms loss=0.0% ach=10.0Hz lo=121.119MB/s idle=62.8% (43s)
[07:09:07] [65/120] zenoh_shm 1MB f1 t1 lat_med=2.673ms loss=0.0% ach=10.0Hz lo=95.52MB/s idle=63.6% (43s)
[07:09:51] [66/120] fastdds_shm 1MB f4 t1 lat_med=2.686ms loss=30.665% ach=9.82Hz lo=98.436MB/s idle=63.1% (44s)
[07:10:35] [67/120] fastdds_noshm 1MB f4 t1 lat_med=3.854ms loss=11.625% ach=10.0Hz lo=134.099MB/s idle=62.8% (44s)
[07:11:20] [68/120] cyclone_noshm 1MB f4 t1 lat_med=3.815ms loss=3.0% ach=10.0Hz lo=95.381MB/s idle=62.5% (45s)
[07:12:04] [69/120] zenoh_noshm 1MB f4 t1 lat_med=4.602ms loss=0.0% ach=10.0Hz lo=135.117MB/s idle=62.8% (44s)
[07:12:48] [70/120] zenoh_shm 1MB f4 t1 lat_med=3.117ms loss=0.0% ach=10.0Hz lo=120.342MB/s idle=62.4% (44s)
[07:13:31] [71/120] fastdds_shm 4MB f1 t1 lat_med=5.96ms loss=76.344% ach=5.0Hz lo=93.862MB/s idle=63.5% (43s)
[07:14:14] [72/120] fastdds_noshm 4MB f1 t1 lat_med=8.837ms loss=74.737% ach=5.0Hz lo=115.336MB/s idle=63.5% (43s)
[07:14:57] [73/120] cyclone_noshm 4MB f1 t1 lat_med=9.013ms loss=55.102% ach=5.0Hz lo=115.181MB/s idle=63.5% (43s)
[07:15:40] [74/120] zenoh_noshm 4MB f1 t1 lat_med=8.186ms loss=0.0% ach=5.0Hz lo=118.039MB/s idle=62.9% (43s)
[07:16:23] [75/120] zenoh_shm 4MB f1 t1 lat_med=6.382ms loss=0.0% ach=5.0Hz lo=96.177MB/s idle=63.3% (43s)
[07:17:08] [76/120] fastdds_shm 4MB f4 t1 lat_med=8.743ms loss=53.5% ach=5.0Hz lo=109.021MB/s idle=62.9% (44s)
[07:17:52] [77/120] fastdds_noshm 4MB f4 t1 lat_med=12.965ms loss=22.691% ach=5.0Hz lo=203.512MB/s idle=61.9% (44s)
[07:18:36] [78/120] cyclone_noshm 4MB f4 t1 lat_med=12.517ms loss=6.0% ach=5.0Hz lo=75.85MB/s idle=69.2% (44s)
[07:19:20] [79/120] zenoh_noshm 4MB f4 t1 lat_med=8.395ms loss=0.0% ach=5.0Hz lo=84.116MB/s idle=89.2% (44s)
[07:20:04] [80/120] zenoh_shm 4MB f4 t1 lat_med=5.271ms loss=0.0% ach=5.0Hz lo=0.04MB/s idle=90.6% (44s)
[07:20:47] [81/120] fastdds_shm 256B f1 t2 lat_med=0.362ms loss=0.0% ach=100.0Hz lo=0.037MB/s idle=91.0% (43s)
[07:21:30] [82/120] fastdds_noshm 256B f1 t2 lat_med=0.38ms loss=0.0% ach=100.0Hz lo=0.08MB/s idle=90.7% (43s)
